../Core/Src/lv_port_indev.c:76:6:lv_port_indev_init	8	static
../Core/Src/lv_port_indev.c:184:13:touchpad_init	4	static
../Core/Src/lv_port_indev.c:190:13:touchpad_read	24	static
../Core/Src/lv_port_indev.c:217:13:touchpad_is_pressed	4	static
../Core/Src/lv_port_indev.c:225:13:touchpad_get_xy	16	static
../Core/Src/lv_port_indev.c:238:13:mouse_init	4	static
../Core/Src/lv_port_indev.c:244:13:mouse_read	16	static
../Core/Src/lv_port_indev.c:259:13:mouse_is_pressed	4	static
../Core/Src/lv_port_indev.c:267:13:mouse_get_xy	16	static
../Core/Src/lv_port_indev.c:280:13:keypad_init	4	static
../Core/Src/lv_port_indev.c:286:13:keypad_read	24	static
../Core/Src/lv_port_indev.c:327:17:keypad_get_key	4	static
../Core/Src/lv_port_indev.c:339:13:encoder_init	4	static
../Core/Src/lv_port_indev.c:345:13:encoder_read	16	static
../Core/Src/lv_port_indev.c:353:13:encoder_handler	4	static
../Core/Src/lv_port_indev.c:366:13:button_init	4	static
../Core/Src/lv_port_indev.c:372:13:button_read	24	static
../Core/Src/lv_port_indev.c:393:15:button_get_pressed_id	16	static
../Core/Src/lv_port_indev.c:410:13:button_is_pressed	16	static
