../Core/Src/stm32f4xx_hal_msp.c:63:6:HAL_MspInit	16	static
../Core/Src/stm32f4xx_hal_msp.c:86:6:HAL_RTC_MspInit	32	static
../Core/Src/stm32f4xx_hal_msp.c:120:6:HAL_RTC_MspDeInit	16	static
../Core/Src/stm32f4xx_hal_msp.c:142:6:HAL_SPI_MspInit	56	static
../Core/Src/stm32f4xx_hal_msp.c:204:6:HAL_SPI_MspDeInit	16	static
../Core/Src/stm32f4xx_hal_msp.c:249:13:HAL_FSMC_MspInit	32	static
../Core/Src/stm32f4xx_hal_msp.c:307:6:HAL_SRAM_MspInit	16	static
../Core/Src/stm32f4xx_hal_msp.c:319:13:HAL_FSMC_MspDeInit	8	static
../Core/Src/stm32f4xx_hal_msp.c:365:6:HAL_SRAM_MspDeInit	16	static
